
C:\Users\KIRON\Desktop\wipro training>git --version
git version 2.52.0.windows.1

C:\Users\KIRON\Desktop\wipro training>git init
Initialized empty Git repository in C:/Users/KIRON/Desktop/wipro training/.git/

C:\Users\KIRON\Desktop\wipro training>git remote add origin https://github.com/kironPanja/Practice_REpo

C:\Users\KIRON\Desktop\wipro training>git pull origin master
remote: Enumerating objects: 13, done.
remote: Counting objects: 100% (13/13), done.
remote: Compressing objects: 100% (10/10), done.
remote: Total 13 (delta 0), reused 13 (delta 0), pack-reused 0 (from 0)
Unpacking objects: 100% (13/13), 1.48 KiB | 52.00 KiB/s, done.
From https://github.com/kironPanja/Practice_REpo
 * branch            master     -> FETCH_HEAD
 * [new branch]      master     -> origin/master

C:\Users\KIRON\Desktop\wipro training>git status
On branch master
Untracked files:
  (use "git add <file>..." to include in what will be committed)
        day 3/Hello.sh

nothing added to commit but untracked files present (use "git add" to track)

C:\Users\KIRON\Desktop\wipro training>git commit -m "Adding Shell file"
Author identity unknown

*** Please tell me who you are.

Run

  git config --global user.email "you@example.com"
  git config --global user.name "Your Name"

to set your account's default identity.
Omit --global to set the identity only in this repository.

fatal: unable to auto-detect email address (got 'KIRON@MSI.(none)')

C:\Users\KIRON\Desktop\wipro training>git config --global user.email "kironkumar10@gmail.com"

C:\Users\KIRON\Desktop\wipro training>git config --global user.name "kironPanja"

C:\Users\KIRON\Desktop\wipro training>git commit -m "Adding Shell file"
On branch master
Untracked files:
  (use "git add <file>..." to include in what will be committed)
        day 3/Hello.sh

nothing added to commit but untracked files present (use "git add" to track)

C:\Users\KIRON\Desktop\wipro training>git add .
warning: in the working copy of 'day 3/Hello.sh', LF will be replaced by CRLF the next time Git touches it

C:\Users\KIRON\Desktop\wipro training>git status
On branch master
Changes to be committed:
  (use "git restore --staged <file>..." to unstage)
        new file:   day 3/Hello.sh


C:\Users\KIRON\Desktop\wipro training>git commit -m "Adding shell file"
[master 3145937] Adding shell file
 1 file changed, 2 insertions(+)
 create mode 100644 day 3/Hello.sh

C:\Users\KIRON\Desktop\wipro training>git push origin master
info: please complete authentication in your browser...
Enumerating objects: 6, done.
Counting objects: 100% (6/6), done.
Delta compression using up to 12 threads
Compressing objects: 100% (2/2), done.
Writing objects: 100% (4/4), 334 bytes | 334.00 KiB/s, done.
Total 4 (delta 1), reused 0 (delta 0), pack-reused 0 (from 0)
remote: Resolving deltas: 100% (1/1), completed with 1 local object.
To https://github.com/kironPanja/Practice_REpo
   ce63f7f..3145937  master -> master

C:\Users\KIRON\Desktop\wipro training>git status
On branch master
nothing to commit, working tree clean

C:\Users\KIRON\Desktop\wipro training>git -all
unknown option: -all
usage: git [-v | --version] [-h | --help] [-C <path>] [-c <name>=<value>]
           [--exec-path[=<path>]] [--html-path] [--man-path] [--info-path]
           [-p | --paginate | -P | --no-pager] [--no-replace-objects] [--no-lazy-fetch]
           [--no-optional-locks] [--no-advice] [--bare] [--git-dir=<path>]
           [--work-tree=<path>] [--namespace=<name>] [--config-env=<name>=<envvar>]
           <command> [<args>]

C:\Users\KIRON\Desktop\wipro training>git branch feature

C:\Users\KIRON\Desktop\wipro training>git checkout feature
Switched to branch 'feature'

C:\Users\KIRON\Desktop\wipro training>git branch
* feature
  master

C:\Users\KIRON\Desktop\wipro training>git push origin feature
Total 0 (delta 0), reused 0 (delta 0), pack-reused 0 (from 0)
remote:
remote: Create a pull request for 'feature' on GitHub by visiting:
remote:      https://github.com/kironPanja/Practice_REpo/pull/new/feature
remote:
To https://github.com/kironPanja/Practice_REpo
 * [new branch]      feature -> feature

C:\Users\KIRON\Desktop\wipro training>git add .

C:\Users\KIRON\Desktop\wipro training>git commit -m "Adding readme file"
[feature 38f5042] Adding readme file
 1 file changed, 0 insertions(+), 0 deletions(-)
 create mode 100644 README.md.txt

C:\Users\KIRON\Desktop\wipro training>git push origin feature
Enumerating objects: 4, done.
Counting objects: 100% (4/4), done.
Delta compression using up to 12 threads
Compressing objects: 100% (2/2), done.
Writing objects: 100% (3/3), 285 bytes | 285.00 KiB/s, done.
Total 3 (delta 0), reused 0 (delta 0), pack-reused 0 (from 0)
To https://github.com/kironPanja/Practice_REpo
   3145937..38f5042  feature -> feature

C:\Users\KIRON\Desktop\wipro training>git status
On branch feature
nothing to commit, working tree clean

C:\Users\KIRON\Desktop\wipro training>git checkout master
Switched to branch 'master'

C:\Users\KIRON\Desktop\wipro training>git branch
  feature
* master

C:\Users\KIRON\Desktop\wipro training>git merger feature
git: 'merger' is not a git command. See 'git --help'.

The most similar command is
        merge

C:\Users\KIRON\Desktop\wipro training>git merge feature
Updating 3145937..38f5042
Fast-forward
 README.md.txt | 0
 1 file changed, 0 insertions(+), 0 deletions(-)
 create mode 100644 README.md.txt

C:\Users\KIRON\Desktop\wipro training>git status
On branch master
nothing to commit, working tree clean

C:\Users\KIRON\Desktop\wipro training>git pull origin master
From https://github.com/kironPanja/Practice_REpo
 * branch            master     -> FETCH_HEAD
Already up to date.

C:\Users\KIRON\Desktop\wipro training>git merger feature
git: 'merger' is not a git command. See 'git --help'.

The most similar command is
        merge

C:\Users\KIRON\Desktop\wipro training>git merge feature
Already up to date.

C:\Users\KIRON\Desktop\wipro training>git status --short

C:\Users\KIRON\Desktop\wipro training>git status
On branch master
nothing to commit, working tree clean

C:\Users\KIRON\Desktop\wipro training>git log --oneline
38f5042 (HEAD -> master, origin/feature, feature) Adding readme file
3145937 (origin/master) Adding shell file
ce63f7f Files added
